Builder B, where do you want to build a basement?
> 